// Jest Snapshot v1, https://goo.gl/fbAQLP

exports[`MCP Proxy search_repositories (e2e) exposes search_repositories on github-allow and executes it 1`] = `
{
  "count": 7,
  "first": {
    "full_name": "Kibibit/achievibit-v3",
    "name": "achievibit-v3",
    "owner": null,
    "visibility": "public",
  },
}
`;
